// Jest Snapshot v1, https://goo.gl/fbAQLP

exports[`Header contains an image 1`] = `
<div
  class="sc-bdfBwQ ibSdKW"
>
  <img
    alt="WhiskyCheck Logo"
    data-testid="Logo"
    src="logo.svg"
  />
</div>
`;
