// Jest Snapshot v1, https://goo.gl/fbAQLP

exports[`BookmarkIcon should render correctly 1`] = `
.c0 {
  -webkit-align-items: center;
  -webkit-box-align: center;
  -ms-flex-align: center;
  align-items: center;
  display: -webkit-box;
  display: -webkit-flex;
  display: -ms-flexbox;
  display: flex;
  -webkit-flex-direction: column;
  -ms-flex-direction: column;
  flex-direction: column;
  -webkit-box-pack: center;
  -webkit-justify-content: center;
  -ms-flex-pack: center;
  justify-content: center;
  overflow: hidden;
  -webkit-text-decoration: none;
  text-decoration: none;
  width: auto;
}

.c1 {
  width: 80%auto;
}

.c2 {
  color: #575757;
  display: block;
  font-size: 12px;
  font-weight: 200;
  margin-top: 5px;
  -webkit-text-decoration: none;
  text-decoration: none;
}

<div
  class="c0"
>
  <img
    alt=""
    class="c1"
    data-testid="bookmarkIcon"
    src="bookmarkOn.svg"
  />
  <span
    class="c2"
  >
    Merken
  </span>
</div>
`;
